Analysis & Synthesis report for dpsd_simu
Sun Sep 13 19:27:21 2020
Quartus Prime Version 20.1.0 Build 711 06/05/2020 SJ Lite Edition


---------------------
; Table of Contents ;
---------------------
  1. Legal Notice
  2. Analysis & Synthesis Summary
  3. Analysis & Synthesis Settings
  4. Parallel Compilation
  5. Analysis & Synthesis Source Files Read
  6. Analysis & Synthesis Resource Usage Summary
  7. Analysis & Synthesis Resource Utilization by Entity
  8. Analysis & Synthesis RAM Summary
  9. Analysis & Synthesis IP Cores Summary
 10. General Register Statistics
 11. Source assignments for dds:ddsi0|ROM_SIN_3:ROM1|altsyncram:altsyncram_component|altsyncram_km91:auto_generated
 12. Parameter Settings for User Entity Instance: Top-level Entity: |dpsd_simu
 13. Parameter Settings for User Entity Instance: dds:ddsi0
 14. Parameter Settings for User Entity Instance: dds:ddsi0|ROM_SIN_3:ROM1|altsyncram:altsyncram_component
 15. altsyncram Parameter Settings by Entity Instance
 16. Post-Synthesis Netlist Statistics for Top Partition
 17. Elapsed Time Per Partition
 18. Analysis & Synthesis Messages



----------------
; Legal Notice ;
----------------
Copyright (C) 2020  Intel Corporation. All rights reserved.
Your use of Intel Corporation's design tools, logic functions 
and other software and tools, and any partner logic 
functions, and any output files from any of the foregoing 
(including device programming or simulation files), and any 
associated documentation or information are expressly subject 
to the terms and conditions of the Intel Program License 
Subscription Agreement, the Intel Quartus Prime License Agreement,
the Intel FPGA IP License Agreement, or other applicable license
agreement, including, without limitation, that your use is for
the sole purpose of programming logic devices manufactured by
Intel and sold by Intel or its authorized distributors.  Please
refer to the applicable agreement for further details, at
https://fpgasoftware.intel.com/eula.



+----------------------------------------------------------------------------------+
; Analysis & Synthesis Summary                                                     ;
+------------------------------------+---------------------------------------------+
; Analysis & Synthesis Status        ; Successful - Sun Sep 13 19:27:20 2020       ;
; Quartus Prime Version              ; 20.1.0 Build 711 06/05/2020 SJ Lite Edition ;
; Revision Name                      ; dpsd_simu                                   ;
; Top-level Entity Name              ; dpsd_simu                                   ;
; Family                             ; Cyclone IV E                                ;
; Total logic elements               ; 56                                          ;
;     Total combinational functions  ; 28                                          ;
;     Dedicated logic registers      ; 56                                          ;
; Total registers                    ; 56                                          ;
; Total pins                         ; 51                                          ;
; Total virtual pins                 ; 0                                           ;
; Total memory bits                  ; 49,152                                      ;
; Embedded Multiplier 9-bit elements ; 0                                           ;
; Total PLLs                         ; 0                                           ;
+------------------------------------+---------------------------------------------+


+------------------------------------------------------------------------------------------------------------+
; Analysis & Synthesis Settings                                                                              ;
+------------------------------------------------------------------+--------------------+--------------------+
; Option                                                           ; Setting            ; Default Value      ;
+------------------------------------------------------------------+--------------------+--------------------+
; Top-level entity name                                            ; dpsd_simu          ; dpsd_simu          ;
; Family name                                                      ; Cyclone IV E       ; Cyclone V          ;
; Maximum processors allowed for parallel compilation              ; 4                  ;                    ;
; Use smart compilation                                            ; Off                ; Off                ;
; Enable parallel Assembler and Timing Analyzer during compilation ; On                 ; On                 ;
; Enable compact report table                                      ; Off                ; Off                ;
; Restructure Multiplexers                                         ; Auto               ; Auto               ;
; Create Debugging Nodes for IP Cores                              ; Off                ; Off                ;
; Preserve fewer node names                                        ; On                 ; On                 ;
; Intel FPGA IP Evaluation Mode                                    ; Enable             ; Enable             ;
; Verilog Version                                                  ; Verilog_2001       ; Verilog_2001       ;
; VHDL Version                                                     ; VHDL_1993          ; VHDL_1993          ;
; State Machine Processing                                         ; Auto               ; Auto               ;
; Safe State Machine                                               ; Off                ; Off                ;
; Extract Verilog State Machines                                   ; On                 ; On                 ;
; Extract VHDL State Machines                                      ; On                 ; On                 ;
; Ignore Verilog initial constructs                                ; Off                ; Off                ;
; Iteration limit for constant Verilog loops                       ; 5000               ; 5000               ;
; Iteration limit for non-constant Verilog loops                   ; 250                ; 250                ;
; Add Pass-Through Logic to Inferred RAMs                          ; On                 ; On                 ;
; Infer RAMs from Raw Logic                                        ; On                 ; On                 ;
; Parallel Synthesis                                               ; On                 ; On                 ;
; DSP Block Balancing                                              ; Auto               ; Auto               ;
; NOT Gate Push-Back                                               ; On                 ; On                 ;
; Power-Up Don't Care                                              ; On                 ; On                 ;
; Remove Redundant Logic Cells                                     ; Off                ; Off                ;
; Remove Duplicate Registers                                       ; On                 ; On                 ;
; Ignore CARRY Buffers                                             ; Off                ; Off                ;
; Ignore CASCADE Buffers                                           ; Off                ; Off                ;
; Ignore GLOBAL Buffers                                            ; Off                ; Off                ;
; Ignore ROW GLOBAL Buffers                                        ; Off                ; Off                ;
; Ignore LCELL Buffers                                             ; Off                ; Off                ;
; Ignore SOFT Buffers                                              ; On                 ; On                 ;
; Limit AHDL Integers to 32 Bits                                   ; Off                ; Off                ;
; Optimization Technique                                           ; Balanced           ; Balanced           ;
; Carry Chain Length                                               ; 70                 ; 70                 ;
; Auto Carry Chains                                                ; On                 ; On                 ;
; Auto Open-Drain Pins                                             ; On                 ; On                 ;
; Perform WYSIWYG Primitive Resynthesis                            ; Off                ; Off                ;
; Auto ROM Replacement                                             ; On                 ; On                 ;
; Auto RAM Replacement                                             ; On                 ; On                 ;
; Auto DSP Block Replacement                                       ; On                 ; On                 ;
; Auto Shift Register Replacement                                  ; Auto               ; Auto               ;
; Allow Shift Register Merging across Hierarchies                  ; Auto               ; Auto               ;
; Auto Clock Enable Replacement                                    ; On                 ; On                 ;
; Strict RAM Replacement                                           ; Off                ; Off                ;
; Allow Synchronous Control Signals                                ; On                 ; On                 ;
; Force Use of Synchronous Clear Signals                           ; Off                ; Off                ;
; Auto RAM Block Balancing                                         ; On                 ; On                 ;
; Auto RAM to Logic Cell Conversion                                ; Off                ; Off                ;
; Auto Resource Sharing                                            ; Off                ; Off                ;
; Allow Any RAM Size For Recognition                               ; Off                ; Off                ;
; Allow Any ROM Size For Recognition                               ; Off                ; Off                ;
; Allow Any Shift Register Size For Recognition                    ; Off                ; Off                ;
; Use LogicLock Constraints during Resource Balancing              ; On                 ; On                 ;
; Ignore translate_off and synthesis_off directives                ; Off                ; Off                ;
; Timing-Driven Synthesis                                          ; On                 ; On                 ;
; Report Parameter Settings                                        ; On                 ; On                 ;
; Report Source Assignments                                        ; On                 ; On                 ;
; Report Connectivity Checks                                       ; On                 ; On                 ;
; Ignore Maximum Fan-Out Assignments                               ; Off                ; Off                ;
; Synchronization Register Chain Length                            ; 2                  ; 2                  ;
; Power Optimization During Synthesis                              ; Normal compilation ; Normal compilation ;
; HDL message level                                                ; Level2             ; Level2             ;
; Suppress Register Optimization Related Messages                  ; Off                ; Off                ;
; Number of Removed Registers Reported in Synthesis Report         ; 5000               ; 5000               ;
; Number of Swept Nodes Reported in Synthesis Report               ; 5000               ; 5000               ;
; Number of Inverted Registers Reported in Synthesis Report        ; 100                ; 100                ;
; Clock MUX Protection                                             ; On                 ; On                 ;
; Auto Gated Clock Conversion                                      ; Off                ; Off                ;
; Block Design Naming                                              ; Auto               ; Auto               ;
; SDC constraint protection                                        ; Off                ; Off                ;
; Synthesis Effort                                                 ; Auto               ; Auto               ;
; Shift Register Replacement - Allow Asynchronous Clear Signal     ; On                 ; On                 ;
; Pre-Mapping Resynthesis Optimization                             ; Off                ; Off                ;
; Analysis & Synthesis Message Level                               ; Medium             ; Medium             ;
; Disable Register Merging Across Hierarchies                      ; Auto               ; Auto               ;
; Resource Aware Inference For Block RAM                           ; On                 ; On                 ;
+------------------------------------------------------------------+--------------------+--------------------+


+------------------------------------------+
; Parallel Compilation                     ;
+----------------------------+-------------+
; Processors                 ; Number      ;
+----------------------------+-------------+
; Number detected on machine ; 4           ;
; Maximum allowed            ; 4           ;
;                            ;             ;
; Average used               ; 1.00        ;
; Maximum used               ; 4           ;
;                            ;             ;
; Usage by Processor         ; % Time Used ;
;     Processor 1            ; 100.0%      ;
;     Processors 2-4         ;   0.0%      ;
+----------------------------+-------------+


+--------------------------------------------------------------------------------------------------------------------------------------------------------------------------------------+
; Analysis & Synthesis Source Files Read                                                                                                                                               ;
+----------------------------------+-----------------+----------------------------------------+------------------------------------------------------------------------------+---------+
; File Name with User-Entered Path ; Used in Netlist ; File Type                              ; File Name with Absolute Path                                                 ; Library ;
+----------------------------------+-----------------+----------------------------------------+------------------------------------------------------------------------------+---------+
; dpsd_simu.v                      ; yes             ; User Verilog HDL File                  ; E:/quartus workspace/Projects/body impedence/dpsd_simu.v                     ;         ;
; dds.v                            ; yes             ; User Verilog HDL File                  ; E:/quartus workspace/Projects/body impedence/dds.v                           ;         ;
; ROM_SIN_3.v                      ; yes             ; User Wizard-Generated File             ; E:/quartus workspace/Projects/body impedence/ROM_SIN_3.v                     ;         ;
; altsyncram.tdf                   ; yes             ; Megafunction                           ; c:/intelfpga_lite/20.1/quartus/libraries/megafunctions/altsyncram.tdf        ;         ;
; stratix_ram_block.inc            ; yes             ; Megafunction                           ; c:/intelfpga_lite/20.1/quartus/libraries/megafunctions/stratix_ram_block.inc ;         ;
; lpm_mux.inc                      ; yes             ; Megafunction                           ; c:/intelfpga_lite/20.1/quartus/libraries/megafunctions/lpm_mux.inc           ;         ;
; lpm_decode.inc                   ; yes             ; Megafunction                           ; c:/intelfpga_lite/20.1/quartus/libraries/megafunctions/lpm_decode.inc        ;         ;
; aglobal201.inc                   ; yes             ; Megafunction                           ; c:/intelfpga_lite/20.1/quartus/libraries/megafunctions/aglobal201.inc        ;         ;
; a_rdenreg.inc                    ; yes             ; Megafunction                           ; c:/intelfpga_lite/20.1/quartus/libraries/megafunctions/a_rdenreg.inc         ;         ;
; altrom.inc                       ; yes             ; Megafunction                           ; c:/intelfpga_lite/20.1/quartus/libraries/megafunctions/altrom.inc            ;         ;
; altram.inc                       ; yes             ; Megafunction                           ; c:/intelfpga_lite/20.1/quartus/libraries/megafunctions/altram.inc            ;         ;
; altdpram.inc                     ; yes             ; Megafunction                           ; c:/intelfpga_lite/20.1/quartus/libraries/megafunctions/altdpram.inc          ;         ;
; db/altsyncram_km91.tdf           ; yes             ; Auto-Generated Megafunction            ; E:/quartus workspace/Projects/body impedence/db/altsyncram_km91.tdf          ;         ;
; dpsd_simu.mif                    ; yes             ; Auto-Found Memory Initialization File  ; E:/quartus workspace/Projects/body impedence/dpsd_simu.mif                   ;         ;
+----------------------------------+-----------------+----------------------------------------+------------------------------------------------------------------------------+---------+


+---------------------------------------------------------+
; Analysis & Synthesis Resource Usage Summary             ;
+---------------------------------------------+-----------+
; Resource                                    ; Usage     ;
+---------------------------------------------+-----------+
; Estimated Total logic elements              ; 56        ;
;                                             ;           ;
; Total combinational functions               ; 28        ;
; Logic element usage by number of LUT inputs ;           ;
;     -- 4 input functions                    ; 0         ;
;     -- 3 input functions                    ; 27        ;
;     -- <=2 input functions                  ; 1         ;
;                                             ;           ;
; Logic elements by mode                      ;           ;
;     -- normal mode                          ; 1         ;
;     -- arithmetic mode                      ; 27        ;
;                                             ;           ;
; Total registers                             ; 56        ;
;     -- Dedicated logic registers            ; 56        ;
;     -- I/O registers                        ; 0         ;
;                                             ;           ;
; I/O pins                                    ; 51        ;
; Total memory bits                           ; 49152     ;
;                                             ;           ;
; Embedded Multiplier 9-bit elements          ; 0         ;
;                                             ;           ;
; Maximum fan-out node                        ; clk~input ;
; Maximum fan-out                             ; 68        ;
; Total fan-out                               ; 414       ;
; Average fan-out                             ; 2.09      ;
+---------------------------------------------+-----------+


+---------------------------------------------------------------------------------------------------------------------------------------------------------------------------------------------------------------------------------------------------------------------------------------------------------------+
; Analysis & Synthesis Resource Utilization by Entity                                                                                                                                                                                                                                                           ;
+----------------------------------------------+---------------------+---------------------------+-------------+--------------+---------+-----------+------+--------------+----------------------------------------------------------------------------------------------------+-----------------+--------------+
; Compilation Hierarchy Node                   ; Combinational ALUTs ; Dedicated Logic Registers ; Memory Bits ; DSP Elements ; DSP 9x9 ; DSP 18x18 ; Pins ; Virtual Pins ; Full Hierarchy Name                                                                                ; Entity Name     ; Library Name ;
+----------------------------------------------+---------------------+---------------------------+-------------+--------------+---------+-----------+------+--------------+----------------------------------------------------------------------------------------------------+-----------------+--------------+
; |dpsd_simu                                   ; 28 (0)              ; 56 (0)                    ; 49152       ; 0            ; 0       ; 0         ; 51   ; 0            ; |dpsd_simu                                                                                         ; dpsd_simu       ; work         ;
;    |dds:ddsi0|                               ; 28 (28)             ; 56 (56)                   ; 49152       ; 0            ; 0       ; 0         ; 0    ; 0            ; |dpsd_simu|dds:ddsi0                                                                               ; dds             ; work         ;
;       |ROM_SIN_3:ROM1|                       ; 0 (0)               ; 0 (0)                     ; 49152       ; 0            ; 0       ; 0         ; 0    ; 0            ; |dpsd_simu|dds:ddsi0|ROM_SIN_3:ROM1                                                                ; ROM_SIN_3       ; work         ;
;          |altsyncram:altsyncram_component|   ; 0 (0)               ; 0 (0)                     ; 49152       ; 0            ; 0       ; 0         ; 0    ; 0            ; |dpsd_simu|dds:ddsi0|ROM_SIN_3:ROM1|altsyncram:altsyncram_component                                ; altsyncram      ; work         ;
;             |altsyncram_km91:auto_generated| ; 0 (0)               ; 0 (0)                     ; 49152       ; 0            ; 0       ; 0         ; 0    ; 0            ; |dpsd_simu|dds:ddsi0|ROM_SIN_3:ROM1|altsyncram:altsyncram_component|altsyncram_km91:auto_generated ; altsyncram_km91 ; work         ;
+----------------------------------------------+---------------------+---------------------------+-------------+--------------+---------+-----------+------+--------------+----------------------------------------------------------------------------------------------------+-----------------+--------------+
Note: For table entries with two numbers listed, the numbers in parentheses indicate the number of resources of the given type used by the specific entity alone. The numbers listed outside of parentheses indicate the total resources of the given type used by the specific entity and all of its sub-entities in the hierarchy.


+------------------------------------------------------------------------------------------------------------------------------------------------------------------------------------------------------+
; Analysis & Synthesis RAM Summary                                                                                                                                                                     ;
+----------------------------------------------------------------------------------------------------+------+------+--------------+--------------+--------------+--------------+-------+---------------+
; Name                                                                                               ; Type ; Mode ; Port A Depth ; Port A Width ; Port B Depth ; Port B Width ; Size  ; MIF           ;
+----------------------------------------------------------------------------------------------------+------+------+--------------+--------------+--------------+--------------+-------+---------------+
; dds:ddsi0|ROM_SIN_3:ROM1|altsyncram:altsyncram_component|altsyncram_km91:auto_generated|ALTSYNCRAM ; AUTO ; ROM  ; 4096         ; 12           ; --           ; --           ; 49152 ; dpsd_simu.mif ;
+----------------------------------------------------------------------------------------------------+------+------+--------------+--------------+--------------+--------------+-------+---------------+


+-----------------------------------------------------------------------------------------------------------------------+
; Analysis & Synthesis IP Cores Summary                                                                                 ;
+--------+--------------+---------+--------------+--------------+-------------------------------------+-----------------+
; Vendor ; IP Core Name ; Version ; Release Date ; License Type ; Entity Instance                     ; IP Include File ;
+--------+--------------+---------+--------------+--------------+-------------------------------------+-----------------+
; Altera ; ROM: 1-PORT  ; 20.1    ; N/A          ; N/A          ; |dpsd_simu|dds:ddsi0|ROM_SIN_3:ROM1 ; ROM_SIN_3.v     ;
+--------+--------------+---------+--------------+--------------+-------------------------------------+-----------------+


+------------------------------------------------------+
; General Register Statistics                          ;
+----------------------------------------------+-------+
; Statistic                                    ; Value ;
+----------------------------------------------+-------+
; Total registers                              ; 56    ;
; Number of registers using Synchronous Clear  ; 0     ;
; Number of registers using Synchronous Load   ; 0     ;
; Number of registers using Asynchronous Clear ; 0     ;
; Number of registers using Asynchronous Load  ; 0     ;
; Number of registers using Clock Enable       ; 0     ;
; Number of registers using Preset             ; 0     ;
+----------------------------------------------+-------+


+----------------------------------------------------------------------------------------------------------------+
; Source assignments for dds:ddsi0|ROM_SIN_3:ROM1|altsyncram:altsyncram_component|altsyncram_km91:auto_generated ;
+---------------------------------+--------------------+------+--------------------------------------------------+
; Assignment                      ; Value              ; From ; To                                               ;
+---------------------------------+--------------------+------+--------------------------------------------------+
; OPTIMIZE_POWER_DURING_SYNTHESIS ; NORMAL_COMPILATION ; -    ; -                                                ;
+---------------------------------+--------------------+------+--------------------------------------------------+


+---------------------------------------------------------------------------+
; Parameter Settings for User Entity Instance: Top-level Entity: |dpsd_simu ;
+----------------+-------+--------------------------------------------------+
; Parameter Name ; Value ; Type                                             ;
+----------------+-------+--------------------------------------------------+
; Fword_width    ; 28    ; Signed Integer                                   ;
; Pword_width    ; 10    ; Signed Integer                                   ;
; wave_o1_width  ; 12    ; Signed Integer                                   ;
+----------------+-------+--------------------------------------------------+
Note: In order to hide this table in the UI and the text report file, please set the "Show Parameter Settings in Synthesis Report" option in "Analysis and Synthesis Settings -> More Settings" to "Off".


+--------------------------------------------------------+
; Parameter Settings for User Entity Instance: dds:ddsi0 ;
+----------------+-------+-------------------------------+
; Parameter Name ; Value ; Type                          ;
+----------------+-------+-------------------------------+
; Fword_width    ; 28    ; Signed Integer                ;
; Pword_width    ; 10    ; Signed Integer                ;
; wave_o1_width  ; 12    ; Signed Integer                ;
+----------------+-------+-------------------------------+
Note: In order to hide this table in the UI and the text report file, please set the "Show Parameter Settings in Synthesis Report" option in "Analysis and Synthesis Settings -> More Settings" to "Off".


+-------------------------------------------------------------------------------------------------------+
; Parameter Settings for User Entity Instance: dds:ddsi0|ROM_SIN_3:ROM1|altsyncram:altsyncram_component ;
+------------------------------------+----------------------+-------------------------------------------+
; Parameter Name                     ; Value                ; Type                                      ;
+------------------------------------+----------------------+-------------------------------------------+
; BYTE_SIZE_BLOCK                    ; 8                    ; Untyped                                   ;
; AUTO_CARRY_CHAINS                  ; ON                   ; AUTO_CARRY                                ;
; IGNORE_CARRY_BUFFERS               ; OFF                  ; IGNORE_CARRY                              ;
; AUTO_CASCADE_CHAINS                ; ON                   ; AUTO_CASCADE                              ;
; IGNORE_CASCADE_BUFFERS             ; OFF                  ; IGNORE_CASCADE                            ;
; WIDTH_BYTEENA                      ; 1                    ; Untyped                                   ;
; OPERATION_MODE                     ; ROM                  ; Untyped                                   ;
; WIDTH_A                            ; 12                   ; Signed Integer                            ;
; WIDTHAD_A                          ; 12                   ; Signed Integer                            ;
; NUMWORDS_A                         ; 4096                 ; Signed Integer                            ;
; OUTDATA_REG_A                      ; CLOCK0               ; Untyped                                   ;
; ADDRESS_ACLR_A                     ; NONE                 ; Untyped                                   ;
; OUTDATA_ACLR_A                     ; NONE                 ; Untyped                                   ;
; WRCONTROL_ACLR_A                   ; NONE                 ; Untyped                                   ;
; INDATA_ACLR_A                      ; NONE                 ; Untyped                                   ;
; BYTEENA_ACLR_A                     ; NONE                 ; Untyped                                   ;
; WIDTH_B                            ; 1                    ; Untyped                                   ;
; WIDTHAD_B                          ; 1                    ; Untyped                                   ;
; NUMWORDS_B                         ; 1                    ; Untyped                                   ;
; INDATA_REG_B                       ; CLOCK1               ; Untyped                                   ;
; WRCONTROL_WRADDRESS_REG_B          ; CLOCK1               ; Untyped                                   ;
; RDCONTROL_REG_B                    ; CLOCK1               ; Untyped                                   ;
; ADDRESS_REG_B                      ; CLOCK1               ; Untyped                                   ;
; OUTDATA_REG_B                      ; UNREGISTERED         ; Untyped                                   ;
; BYTEENA_REG_B                      ; CLOCK1               ; Untyped                                   ;
; INDATA_ACLR_B                      ; NONE                 ; Untyped                                   ;
; WRCONTROL_ACLR_B                   ; NONE                 ; Untyped                                   ;
; ADDRESS_ACLR_B                     ; NONE                 ; Untyped                                   ;
; OUTDATA_ACLR_B                     ; NONE                 ; Untyped                                   ;
; RDCONTROL_ACLR_B                   ; NONE                 ; Untyped                                   ;
; BYTEENA_ACLR_B                     ; NONE                 ; Untyped                                   ;
; WIDTH_BYTEENA_A                    ; 1                    ; Signed Integer                            ;
; WIDTH_BYTEENA_B                    ; 1                    ; Untyped                                   ;
; RAM_BLOCK_TYPE                     ; AUTO                 ; Untyped                                   ;
; BYTE_SIZE                          ; 8                    ; Untyped                                   ;
; READ_DURING_WRITE_MODE_MIXED_PORTS ; DONT_CARE            ; Untyped                                   ;
; READ_DURING_WRITE_MODE_PORT_A      ; NEW_DATA_NO_NBE_READ ; Untyped                                   ;
; READ_DURING_WRITE_MODE_PORT_B      ; NEW_DATA_NO_NBE_READ ; Untyped                                   ;
; INIT_FILE                          ; dpsd_simu.mif        ; Untyped                                   ;
; INIT_FILE_LAYOUT                   ; PORT_A               ; Untyped                                   ;
; MAXIMUM_DEPTH                      ; 0                    ; Untyped                                   ;
; CLOCK_ENABLE_INPUT_A               ; BYPASS               ; Untyped                                   ;
; CLOCK_ENABLE_INPUT_B               ; NORMAL               ; Untyped                                   ;
; CLOCK_ENABLE_OUTPUT_A              ; BYPASS               ; Untyped                                   ;
; CLOCK_ENABLE_OUTPUT_B              ; NORMAL               ; Untyped                                   ;
; CLOCK_ENABLE_CORE_A                ; USE_INPUT_CLKEN      ; Untyped                                   ;
; CLOCK_ENABLE_CORE_B                ; USE_INPUT_CLKEN      ; Untyped                                   ;
; ENABLE_ECC                         ; FALSE                ; Untyped                                   ;
; ECC_PIPELINE_STAGE_ENABLED         ; FALSE                ; Untyped                                   ;
; WIDTH_ECCSTATUS                    ; 3                    ; Untyped                                   ;
; DEVICE_FAMILY                      ; Cyclone IV E         ; Untyped                                   ;
; CBXI_PARAMETER                     ; altsyncram_km91      ; Untyped                                   ;
+------------------------------------+----------------------+-------------------------------------------+
Note: In order to hide this table in the UI and the text report file, please set the "Show Parameter Settings in Synthesis Report" option in "Analysis and Synthesis Settings -> More Settings" to "Off".


+------------------------------------------------------------------------------------------------------+
; altsyncram Parameter Settings by Entity Instance                                                     ;
+-------------------------------------------+----------------------------------------------------------+
; Name                                      ; Value                                                    ;
+-------------------------------------------+----------------------------------------------------------+
; Number of entity instances                ; 1                                                        ;
; Entity Instance                           ; dds:ddsi0|ROM_SIN_3:ROM1|altsyncram:altsyncram_component ;
;     -- OPERATION_MODE                     ; ROM                                                      ;
;     -- WIDTH_A                            ; 12                                                       ;
;     -- NUMWORDS_A                         ; 4096                                                     ;
;     -- OUTDATA_REG_A                      ; CLOCK0                                                   ;
;     -- WIDTH_B                            ; 1                                                        ;
;     -- NUMWORDS_B                         ; 1                                                        ;
;     -- ADDRESS_REG_B                      ; CLOCK1                                                   ;
;     -- OUTDATA_REG_B                      ; UNREGISTERED                                             ;
;     -- RAM_BLOCK_TYPE                     ; AUTO                                                     ;
;     -- READ_DURING_WRITE_MODE_MIXED_PORTS ; DONT_CARE                                                ;
+-------------------------------------------+----------------------------------------------------------+


+-----------------------------------------------------+
; Post-Synthesis Netlist Statistics for Top Partition ;
+-----------------------+-----------------------------+
; Type                  ; Count                       ;
+-----------------------+-----------------------------+
; boundary_port         ; 51                          ;
; cycloneiii_ff         ; 56                          ;
;     plain             ; 56                          ;
; cycloneiii_lcell_comb ; 28                          ;
;     arith             ; 27                          ;
;         3 data inputs ; 27                          ;
;     normal            ; 1                           ;
;         2 data inputs ; 1                           ;
; cycloneiii_ram_block  ; 12                          ;
;                       ;                             ;
; Max LUT depth         ; 3.70                        ;
; Average LUT depth     ; 1.96                        ;
+-----------------------+-----------------------------+


+-------------------------------+
; Elapsed Time Per Partition    ;
+----------------+--------------+
; Partition Name ; Elapsed Time ;
+----------------+--------------+
; Top            ; 00:00:01     ;
+----------------+--------------+


+-------------------------------+
; Analysis & Synthesis Messages ;
+-------------------------------+
Info: *******************************************************************
Info: Running Quartus Prime Analysis & Synthesis
    Info: Version 20.1.0 Build 711 06/05/2020 SJ Lite Edition
    Info: Processing started: Sun Sep 13 19:26:54 2020
Info: Command: quartus_map --read_settings_files=on --write_settings_files=off dpsd_simu -c dpsd_simu
Info (20032): Parallel compilation is enabled and will use up to 4 processors
Info (12021): Found 1 design units, including 1 entities, in source file rom_sin_12b_4096.v
    Info (12023): Found entity 1: ROM_SIN_12b_4096 File: E:/quartus workspace/Projects/body impedence/ROM_SIN_12b_4096.v Line: 40
Info (12021): Found 1 design units, including 1 entities, in source file noise_gen.v
    Info (12023): Found entity 1: noise_gen File: E:/quartus workspace/Projects/body impedence/noise_gen.v Line: 1
Info (12021): Found 1 design units, including 1 entities, in source file dpsd_simu.v
    Info (12023): Found entity 1: dpsd_simu File: E:/quartus workspace/Projects/body impedence/dpsd_simu.v Line: 1
Info (12021): Found 1 design units, including 1 entities, in source file dds.v
    Info (12023): Found entity 1: dds File: E:/quartus workspace/Projects/body impedence/dds.v Line: 1
Info (12021): Found 1 design units, including 1 entities, in source file rom_sin.v
    Info (12023): Found entity 1: ROM_SIN File: E:/quartus workspace/Projects/body impedence/ROM_SIN.v Line: 40
Info (12021): Found 1 design units, including 1 entities, in source file rom_sin_2.v
    Info (12023): Found entity 1: ROM_SIN_2 File: E:/quartus workspace/Projects/body impedence/ROM_SIN_2.v Line: 40
Info (12021): Found 1 design units, including 1 entities, in source file rom_sin_3.v
    Info (12023): Found entity 1: ROM_SIN_3 File: E:/quartus workspace/Projects/body impedence/ROM_SIN_3.v Line: 40
Info (12127): Elaborating entity "dpsd_simu" for the top level hierarchy
Info (12128): Elaborating entity "dds" for hierarchy "dds:ddsi0" File: E:/quartus workspace/Projects/body impedence/dpsd_simu.v Line: 35
Info (12128): Elaborating entity "ROM_SIN_3" for hierarchy "dds:ddsi0|ROM_SIN_3:ROM1" File: E:/quartus workspace/Projects/body impedence/dds.v Line: 53
Info (12128): Elaborating entity "altsyncram" for hierarchy "dds:ddsi0|ROM_SIN_3:ROM1|altsyncram:altsyncram_component" File: E:/quartus workspace/Projects/body impedence/ROM_SIN_3.v Line: 82
Info (12130): Elaborated megafunction instantiation "dds:ddsi0|ROM_SIN_3:ROM1|altsyncram:altsyncram_component" File: E:/quartus workspace/Projects/body impedence/ROM_SIN_3.v Line: 82
Info (12133): Instantiated megafunction "dds:ddsi0|ROM_SIN_3:ROM1|altsyncram:altsyncram_component" with the following parameter: File: E:/quartus workspace/Projects/body impedence/ROM_SIN_3.v Line: 82
    Info (12134): Parameter "address_aclr_a" = "NONE"
    Info (12134): Parameter "clock_enable_input_a" = "BYPASS"
    Info (12134): Parameter "clock_enable_output_a" = "BYPASS"
    Info (12134): Parameter "init_file" = "dpsd_simu.mif"
    Info (12134): Parameter "intended_device_family" = "Cyclone IV E"
    Info (12134): Parameter "lpm_hint" = "ENABLE_RUNTIME_MOD=NO"
    Info (12134): Parameter "lpm_type" = "altsyncram"
    Info (12134): Parameter "numwords_a" = "4096"
    Info (12134): Parameter "operation_mode" = "ROM"
    Info (12134): Parameter "outdata_aclr_a" = "NONE"
    Info (12134): Parameter "outdata_reg_a" = "CLOCK0"
    Info (12134): Parameter "widthad_a" = "12"
    Info (12134): Parameter "width_a" = "12"
    Info (12134): Parameter "width_byteena_a" = "1"
Info (12021): Found 1 design units, including 1 entities, in source file db/altsyncram_km91.tdf
    Info (12023): Found entity 1: altsyncram_km91 File: E:/quartus workspace/Projects/body impedence/db/altsyncram_km91.tdf Line: 28
Info (12128): Elaborating entity "altsyncram_km91" for hierarchy "dds:ddsi0|ROM_SIN_3:ROM1|altsyncram:altsyncram_component|altsyncram_km91:auto_generated" File: c:/intelfpga_lite/20.1/quartus/libraries/megafunctions/altsyncram.tdf Line: 792
Info (286030): Timing-Driven Synthesis is running
Info (16010): Generating hard_block partition "hard_block:auto_generated_inst"
    Info (16011): Adding 0 node(s), including 0 DDIO, 0 PLL, 0 transceiver and 0 LCELL
Warning (21074): Design contains 10 input pin(s) that do not drive logic
    Warning (15610): No output dependent on input pin "pha_w[0]" File: E:/quartus workspace/Projects/body impedence/dpsd_simu.v Line: 16
    Warning (15610): No output dependent on input pin "pha_w[1]" File: E:/quartus workspace/Projects/body impedence/dpsd_simu.v Line: 16
    Warning (15610): No output dependent on input pin "pha_w[2]" File: E:/quartus workspace/Projects/body impedence/dpsd_simu.v Line: 16
    Warning (15610): No output dependent on input pin "pha_w[3]" File: E:/quartus workspace/Projects/body impedence/dpsd_simu.v Line: 16
    Warning (15610): No output dependent on input pin "pha_w[4]" File: E:/quartus workspace/Projects/body impedence/dpsd_simu.v Line: 16
    Warning (15610): No output dependent on input pin "pha_w[5]" File: E:/quartus workspace/Projects/body impedence/dpsd_simu.v Line: 16
    Warning (15610): No output dependent on input pin "pha_w[6]" File: E:/quartus workspace/Projects/body impedence/dpsd_simu.v Line: 16
    Warning (15610): No output dependent on input pin "pha_w[7]" File: E:/quartus workspace/Projects/body impedence/dpsd_simu.v Line: 16
    Warning (15610): No output dependent on input pin "pha_w[8]" File: E:/quartus workspace/Projects/body impedence/dpsd_simu.v Line: 16
    Warning (15610): No output dependent on input pin "pha_w[9]" File: E:/quartus workspace/Projects/body impedence/dpsd_simu.v Line: 16
Info (21057): Implemented 119 device resources after synthesis - the final resource count might be different
    Info (21058): Implemented 39 input pins
    Info (21059): Implemented 12 output pins
    Info (21061): Implemented 56 logic cells
    Info (21064): Implemented 12 RAM segments
Info: Quartus Prime Analysis & Synthesis was successful. 0 errors, 11 warnings
    Info: Peak virtual memory: 4772 megabytes
    Info: Processing ended: Sun Sep 13 19:27:21 2020
    Info: Elapsed time: 00:00:27
    Info: Total CPU time (on all processors): 00:00:47


